Archive member included to satisfy reference by file (symbol)

c:/users/10605/desktop/data/software/clion/gcc-arm-none-eabi-10-2020-q4-major/bin/../lib/gcc/arm-none-eabi/10.2.1/thumb/v6-m/nofp\libgcc.a(_udivsi3.o)
                              CMakeFiles/untitled.elf.dir/Drivers/STM32F0xx_HAL_Driver/Src/stm32f0xx_hal.c.obj (__aeabi_uidiv)
c:/users/10605/desktop/data/software/clion/gcc-arm-none-eabi-10-2020-q4-major/bin/../lib/gcc/arm-none-eabi/10.2.1/thumb/v6-m/nofp\libgcc.a(_dvmd_tls.o)
                              c:/users/10605/desktop/data/software/clion/gcc-arm-none-eabi-10-2020-q4-major/bin/../lib/gcc/arm-none-eabi/10.2.1/thumb/v6-m/nofp\libgcc.a(_udivsi3.o) (__aeabi_idiv0)
c:/users/10605/desktop/data/software/clion/gcc-arm-none-eabi-10-2020-q4-major/bin/../lib/gcc/arm-none-eabi/10.2.1/../../../../arm-none-eabi/lib/thumb/v6-m/nofp\libg.a(lib_a-errno.o)
                              CMakeFiles/untitled.elf.dir/Src/syscalls.c.obj (__errno)
c:/users/10605/desktop/data/software/clion/gcc-arm-none-eabi-10-2020-q4-major/bin/../lib/gcc/arm-none-eabi/10.2.1/../../../../arm-none-eabi/lib/thumb/v6-m/nofp\libg.a(lib_a-exit.o)
                              c:/users/10605/desktop/data/software/clion/gcc-arm-none-eabi-10-2020-q4-major/bin/../lib/gcc/arm-none-eabi/10.2.1/../../../../arm-none-eabi/lib/thumb/v6-m/nofp/crt0.o (exit)
c:/users/10605/desktop/data/software/clion/gcc-arm-none-eabi-10-2020-q4-major/bin/../lib/gcc/arm-none-eabi/10.2.1/../../../../arm-none-eabi/lib/thumb/v6-m/nofp\libg.a(lib_a-impure.o)
                              c:/users/10605/desktop/data/software/clion/gcc-arm-none-eabi-10-2020-q4-major/bin/../lib/gcc/arm-none-eabi/10.2.1/../../../../arm-none-eabi/lib/thumb/v6-m/nofp\libg.a(lib_a-exit.o) (_global_impure_ptr)
c:/users/10605/desktop/data/software/clion/gcc-arm-none-eabi-10-2020-q4-major/bin/../lib/gcc/arm-none-eabi/10.2.1/../../../../arm-none-eabi/lib/thumb/v6-m/nofp\libg.a(lib_a-init.o)
                              c:/users/10605/desktop/data/software/clion/gcc-arm-none-eabi-10-2020-q4-major/bin/../lib/gcc/arm-none-eabi/10.2.1/../../../../arm-none-eabi/lib/thumb/v6-m/nofp/crt0.o (__libc_init_array)
c:/users/10605/desktop/data/software/clion/gcc-arm-none-eabi-10-2020-q4-major/bin/../lib/gcc/arm-none-eabi/10.2.1/../../../../arm-none-eabi/lib/thumb/v6-m/nofp\libg.a(lib_a-memset.o)
                              c:/users/10605/desktop/data/software/clion/gcc-arm-none-eabi-10-2020-q4-major/bin/../lib/gcc/arm-none-eabi/10.2.1/../../../../arm-none-eabi/lib/thumb/v6-m/nofp/crt0.o (memset)
c:/users/10605/desktop/data/software/clion/gcc-arm-none-eabi-10-2020-q4-major/bin/../lib/gcc/arm-none-eabi/10.2.1/../../../../arm-none-eabi/lib/thumb/v6-m/nofp\libg.a(lib_a-__call_atexit.o)
                              c:/users/10605/desktop/data/software/clion/gcc-arm-none-eabi-10-2020-q4-major/bin/../lib/gcc/arm-none-eabi/10.2.1/../../../../arm-none-eabi/lib/thumb/v6-m/nofp\libg.a(lib_a-exit.o) (__call_exitprocs)
c:/users/10605/desktop/data/software/clion/gcc-arm-none-eabi-10-2020-q4-major/bin/../lib/gcc/arm-none-eabi/10.2.1/../../../../arm-none-eabi/lib/thumb/v6-m/nofp\libg.a(lib_a-atexit.o)
                              c:/users/10605/desktop/data/software/clion/gcc-arm-none-eabi-10-2020-q4-major/bin/../lib/gcc/arm-none-eabi/10.2.1/../../../../arm-none-eabi/lib/thumb/v6-m/nofp\libg.a(lib_a-__call_atexit.o) (atexit)
c:/users/10605/desktop/data/software/clion/gcc-arm-none-eabi-10-2020-q4-major/bin/../lib/gcc/arm-none-eabi/10.2.1/../../../../arm-none-eabi/lib/thumb/v6-m/nofp\libg.a(lib_a-fini.o)
                              c:/users/10605/desktop/data/software/clion/gcc-arm-none-eabi-10-2020-q4-major/bin/../lib/gcc/arm-none-eabi/10.2.1/../../../../arm-none-eabi/lib/thumb/v6-m/nofp\libg.a(lib_a-__call_atexit.o) (__libc_fini_array)
c:/users/10605/desktop/data/software/clion/gcc-arm-none-eabi-10-2020-q4-major/bin/../lib/gcc/arm-none-eabi/10.2.1/../../../../arm-none-eabi/lib/thumb/v6-m/nofp\libg.a(lib_a-lock.o)
                              c:/users/10605/desktop/data/software/clion/gcc-arm-none-eabi-10-2020-q4-major/bin/../lib/gcc/arm-none-eabi/10.2.1/../../../../arm-none-eabi/lib/thumb/v6-m/nofp\libg.a(lib_a-__call_atexit.o) (__retarget_lock_acquire_recursive)
c:/users/10605/desktop/data/software/clion/gcc-arm-none-eabi-10-2020-q4-major/bin/../lib/gcc/arm-none-eabi/10.2.1/../../../../arm-none-eabi/lib/thumb/v6-m/nofp\libg.a(lib_a-__atexit.o)
                              c:/users/10605/desktop/data/software/clion/gcc-arm-none-eabi-10-2020-q4-major/bin/../lib/gcc/arm-none-eabi/10.2.1/../../../../arm-none-eabi/lib/thumb/v6-m/nofp\libg.a(lib_a-atexit.o) (__register_exitproc)

Discarded input sections

 .text          0x00000000        0x0 c:/users/10605/desktop/data/software/clion/gcc-arm-none-eabi-10-2020-q4-major/bin/../lib/gcc/arm-none-eabi/10.2.1/thumb/v6-m/nofp/crti.o
[...]
Memory Configuration

Name             Origin             Length             Attributes
RAM              0x20000000         0x00001000         xrw
FLASH            0x08000000         0x00004000         xr
*default*        0x00000000         0xffffffff

Linker script and memory map

LOAD c:/users/10605/desktop/data/software/clion/gcc-arm-none-eabi-10-2020-q4-major/bin/../lib/gcc/arm-none-eabi/10.2.1/thumb/v6-m/nofp/crti.o
LOAD c:/users/10605/desktop/data/software/clion/gcc-arm-none-eabi-10-2020-q4-major/bin/../lib/gcc/arm-none-eabi/10.2.1/thumb/v6-m/nofp/crtbegin.o
LOAD c:/users/10605/desktop/data/software/clion/gcc-arm-none-eabi-10-2020-q4-major/bin/../lib/gcc/arm-none-eabi/10.2.1/../../../../arm-none-eabi/lib/thumb/v6-m/nofp/crt0.o
LOAD CMakeFiles/untitled.elf.dir/Drivers/STM32F0xx_HAL_Driver/Src/stm32f0xx_hal.c.obj
LOAD CMakeFiles/untitled.elf.dir/Drivers/STM32F0xx_HAL_Driver/Src/stm32f0xx_hal_cortex.c.obj
LOAD CMakeFiles/untitled.elf.dir/Drivers/STM32F0xx_HAL_Driver/Src/stm32f0xx_hal_dma.c.obj
LOAD CMakeFiles/untitled.elf.dir/Drivers/STM32F0xx_HAL_Driver/Src/stm32f0xx_hal_exti.c.obj
LOAD CMakeFiles/untitled.elf.dir/Drivers/STM32F0xx_HAL_Driver/Src/stm32f0xx_hal_flash.c.obj
LOAD CMakeFiles/untitled.elf.dir/Drivers/STM32F0xx_HAL_Driver/Src/stm32f0xx_hal_flash_ex.c.obj
LOAD CMakeFiles/untitled.elf.dir/Drivers/STM32F0xx_HAL_Driver/Src/stm32f0xx_hal_gpio.c.obj
LOAD CMakeFiles/untitled.elf.dir/Drivers/STM32F0xx_HAL_Driver/Src/stm32f0xx_hal_i2c.c.obj
LOAD CMakeFiles/untitled.elf.dir/Drivers/STM32F0xx_HAL_Driver/Src/stm32f0xx_hal_i2c_ex.c.obj
LOAD CMakeFiles/untitled.elf.dir/Drivers/STM32F0xx_HAL_Driver/Src/stm32f0xx_hal_pwr.c.obj
LOAD CMakeFiles/untitled.elf.dir/Drivers/STM32F0xx_HAL_Driver/Src/stm32f0xx_hal_pwr_ex.c.obj
LOAD CMakeFiles/untitled.elf.dir/Drivers/STM32F0xx_HAL_Driver/Src/stm32f0xx_hal_rcc.c.obj
LOAD CMakeFiles/untitled.elf.dir/Drivers/STM32F0xx_HAL_Driver/Src/stm32f0xx_hal_rcc_ex.c.obj
LOAD CMakeFiles/untitled.elf.dir/Drivers/STM32F0xx_HAL_Driver/Src/stm32f0xx_hal_tim.c.obj
LOAD CMakeFiles/untitled.elf.dir/Drivers/STM32F0xx_HAL_Driver/Src/stm32f0xx_hal_tim_ex.c.obj
LOAD CMakeFiles/untitled.elf.dir/Drivers/STM32F0xx_HAL_Driver/Src/stm32f0xx_hal_uart.c.obj
LOAD CMakeFiles/untitled.elf.dir/Drivers/STM32F0xx_HAL_Driver/Src/stm32f0xx_hal_uart_ex.c.obj
LOAD CMakeFiles/untitled.elf.dir/Src/gpio.c.obj
LOAD CMakeFiles/untitled.elf.dir/Src/main.c.obj
LOAD CMakeFiles/untitled.elf.dir/Src/stm32f0xx_hal_msp.c.obj
LOAD CMakeFiles/untitled.elf.dir/Src/stm32f0xx_it.c.obj
LOAD CMakeFiles/untitled.elf.dir/Src/syscalls.c.obj
LOAD CMakeFiles/untitled.elf.dir/Src/system_stm32f0xx.c.obj
LOAD CMakeFiles/untitled.elf.dir/Src/usart.c.obj
LOAD CMakeFiles/untitled.elf.dir/startup/startup_stm32f030x6.s.obj
START GROUP
LOAD c:/users/10605/desktop/data/software/clion/gcc-arm-none-eabi-10-2020-q4-major/bin/../lib/gcc/arm-none-eabi/10.2.1/thumb/v6-m/nofp\libgcc.a
LOAD c:/users/10605/desktop/data/software/clion/gcc-arm-none-eabi-10-2020-q4-major/bin/../lib/gcc/arm-none-eabi/10.2.1/../../../../arm-none-eabi/lib/thumb/v6-m/nofp\libg.a
LOAD c:/users/10605/desktop/data/software/clion/gcc-arm-none-eabi-10-2020-q4-major/bin/../lib/gcc/arm-none-eabi/10.2.1/../../../../arm-none-eabi/lib/thumb/v6-m/nofp\libc.a
END GROUP
LOAD c:/users/10605/desktop/data/software/clion/gcc-arm-none-eabi-10-2020-q4-major/bin/../lib/gcc/arm-none-eabi/10.2.1/thumb/v6-m/nofp/crtend.o
LOAD c:/users/10605/desktop/data/software/clion/gcc-arm-none-eabi-10-2020-q4-major/bin/../lib/gcc/arm-none-eabi/10.2.1/thumb/v6-m/nofp/crtn.o
                0x20001000                _estack = 0x20001000
                0x00000200                _Min_Heap_Size = 0x200
                0x00000400                _Min_Stack_Size = 0x400

.isr_vector     0x08000000       0xc0
                0x08000000                . = ALIGN (0x4)
 *(.isr_vector)
 .isr_vector    0x08000000       0xc0 CMakeFiles/untitled.elf.dir/startup/startup_stm32f030x6.s.obj
                0x08000000                g_pfnVectors
                0x080000c0                . = ALIGN (0x4)

.text           0x080000c0     0x1388
                0x080000c0                . = ALIGN (0x4)
 *(.text)
 .text          0x080000c0       0x48 c:/users/10605/desktop/data/software/clion/gcc-arm-none-eabi-10-2020-q4-major/bin/../lib/gcc/arm-none-eabi/10.2.1/thumb/v6-m/nofp/crtbegin.o
 .text          0x08000108      0x114 c:/users/10605/desktop/data/software/clion/gcc-arm-none-eabi-10-2020-q4-major/bin/../lib/gcc/arm-none-eabi/10.2.1/thumb/v6-m/nofp\libgcc.a(_udivsi3.o)
                0x08000108                __aeabi_uidiv
                0x08000108                __udivsi3
                0x08000214                __aeabi_uidivmod
 .text          0x0800021c        0x4 c:/users/10605/desktop/data/software/clion/gcc-arm-none-eabi-10-2020-q4-major/bin/../lib/gcc/arm-none-eabi/10.2.1/thumb/v6-m/nofp\libgcc.a(_dvmd_tls.o)
                0x0800021c                __aeabi_idiv0
                0x0800021c                __aeabi_ldiv0
 *(.text*)
 .text.HAL_InitTick
                0x08000220       0x50 CMakeFiles/untitled.elf.dir/Drivers/STM32F0xx_HAL_Driver/Src/stm32f0xx_hal.c.obj
                0x08000220                HAL_InitTick
 .text.HAL_Init
                0x08000270       0x20 CMakeFiles/untitled.elf.dir/Drivers/STM32F0xx_HAL_Driver/Src/stm32f0xx_hal.c.obj
                0x08000270                HAL_Init
 .text.HAL_IncTick
                0x08000290       0x18 CMakeFiles/untitled.elf.dir/Drivers/STM32F0xx_HAL_Driver/Src/stm32f0xx_hal.c.obj
                0x08000290                HAL_IncTick
 .text.HAL_GetTick
                0x080002a8        0xc CMakeFiles/untitled.elf.dir/Drivers/STM32F0xx_HAL_Driver/Src/stm32f0xx_hal.c.obj
                0x080002a8                HAL_GetTick
 .text.HAL_NVIC_SetPriority
                0x080002b4       0x60 CMakeFiles/untitled.elf.dir/Drivers/STM32F0xx_HAL_Driver/Src/stm32f0xx_hal_cortex.c.obj
                0x080002b4                HAL_NVIC_SetPriority
 .text.HAL_SYSTICK_Config
                0x08000314       0x38 CMakeFiles/untitled.elf.dir/Drivers/STM32F0xx_HAL_Driver/Src/stm32f0xx_hal_cortex.c.obj
                0x08000314                HAL_SYSTICK_Config
 .text.HAL_GPIO_Init
                0x0800034c      0x18c CMakeFiles/untitled.elf.dir/Drivers/STM32F0xx_HAL_Driver/Src/stm32f0xx_hal_gpio.c.obj
                0x0800034c                HAL_GPIO_Init
 .text.HAL_RCC_OscConfig
                0x080004d8      0x49c CMakeFiles/untitled.elf.dir/Drivers/STM32F0xx_HAL_Driver/Src/stm32f0xx_hal_rcc.c.obj
                0x080004d8                HAL_RCC_OscConfig
 .text.HAL_RCC_GetSysClockFreq
                0x08000974       0x70 CMakeFiles/untitled.elf.dir/Drivers/STM32F0xx_HAL_Driver/Src/stm32f0xx_hal_rcc.c.obj
                0x08000974                HAL_RCC_GetSysClockFreq
 .text.HAL_RCC_ClockConfig
                0x080009e4      0x134 CMakeFiles/untitled.elf.dir/Drivers/STM32F0xx_HAL_Driver/Src/stm32f0xx_hal_rcc.c.obj
                0x080009e4                HAL_RCC_ClockConfig
 .text.HAL_RCC_GetHCLKFreq
                0x08000b18        0xc CMakeFiles/untitled.elf.dir/Drivers/STM32F0xx_HAL_Driver/Src/stm32f0xx_hal_rcc.c.obj
                0x08000b18                HAL_RCC_GetHCLKFreq
 .text.HAL_RCC_GetPCLK1Freq
                0x08000b24       0x20 CMakeFiles/untitled.elf.dir/Drivers/STM32F0xx_HAL_Driver/Src/stm32f0xx_hal_rcc.c.obj
                0x08000b24                HAL_RCC_GetPCLK1Freq
 .text.HAL_RCCEx_PeriphCLKConfig
                0x08000b44      0x11c CMakeFiles/untitled.elf.dir/Drivers/STM32F0xx_HAL_Driver/Src/stm32f0xx_hal_rcc_ex.c.obj
                0x08000b44                HAL_RCCEx_PeriphCLKConfig
 .text.UART_SetConfig
                0x08000c60      0x158 CMakeFiles/untitled.elf.dir/Drivers/STM32F0xx_HAL_Driver/Src/stm32f0xx_hal_uart.c.obj
                0x08000c60                UART_SetConfig
 .text.UART_AdvFeatureConfig
                0x08000db8       0xe0 CMakeFiles/untitled.elf.dir/Drivers/STM32F0xx_HAL_Driver/Src/stm32f0xx_hal_uart.c.obj
                0x08000db8                UART_AdvFeatureConfig
 .text.UART_WaitOnFlagUntilTimeout
                0x08000e98       0xdc CMakeFiles/untitled.elf.dir/Drivers/STM32F0xx_HAL_Driver/Src/stm32f0xx_hal_uart.c.obj
                0x08000e98                UART_WaitOnFlagUntilTimeout
 .text.UART_CheckIdleState
                0x08000f74       0x70 CMakeFiles/untitled.elf.dir/Drivers/STM32F0xx_HAL_Driver/Src/stm32f0xx_hal_uart.c.obj
                0x08000f74                UART_CheckIdleState
 .text.HAL_UART_Init
                0x08000fe4       0x6c CMakeFiles/untitled.elf.dir/Drivers/STM32F0xx_HAL_Driver/Src/stm32f0xx_hal_uart.c.obj
                0x08000fe4                HAL_UART_Init
 .text.MX_GPIO_Init
                0x08001050       0x20 CMakeFiles/untitled.elf.dir/Src/gpio.c.obj
                0x08001050                MX_GPIO_Init
 .text.Error_Handler
                0x08001070        0x4 CMakeFiles/untitled.elf.dir/Src/main.c.obj
                0x08001070                Error_Handler
 .text.SystemClock_Config
                0x08001074       0x7c CMakeFiles/untitled.elf.dir/Src/main.c.obj
                0x08001074                SystemClock_Config
 .text.main     0x080010f0       0x14 CMakeFiles/untitled.elf.dir/Src/main.c.obj
                0x080010f0                main
 .text.HAL_MspInit
                0x08001104       0x30 CMakeFiles/untitled.elf.dir/Src/stm32f0xx_hal_msp.c.obj
                0x08001104                HAL_MspInit
 .text.NMI_Handler
                0x08001134        0x2 CMakeFiles/untitled.elf.dir/Src/stm32f0xx_it.c.obj
                0x08001134                NMI_Handler
 .text.HardFault_Handler
                0x08001136        0x2 CMakeFiles/untitled.elf.dir/Src/stm32f0xx_it.c.obj
                0x08001136                HardFault_Handler
 .text.SVC_Handler
                0x08001138        0x2 CMakeFiles/untitled.elf.dir/Src/stm32f0xx_it.c.obj
                0x08001138                SVC_Handler
 .text.PendSV_Handler
                0x0800113a        0x2 CMakeFiles/untitled.elf.dir/Src/stm32f0xx_it.c.obj
                0x0800113a                PendSV_Handler
 .text.SysTick_Handler
                0x0800113c        0x8 CMakeFiles/untitled.elf.dir/Src/stm32f0xx_it.c.obj
                0x0800113c                SysTick_Handler
 .text.SystemInit
                0x08001144        0x2 CMakeFiles/untitled.elf.dir/Src/system_stm32f0xx.c.obj
                0x08001144                SystemInit
 *fill*         0x08001146        0x2 
 .text.MX_USART1_UART_Init
                0x08001148       0x3c CMakeFiles/untitled.elf.dir/Src/usart.c.obj
                0x08001148                MX_USART1_UART_Init
 .text.HAL_UART_MspInit
                0x08001184       0x68 CMakeFiles/untitled.elf.dir/Src/usart.c.obj
                0x08001184                HAL_UART_MspInit
 .text.Reset_Handler
                0x080011ec       0x50 CMakeFiles/untitled.elf.dir/startup/startup_stm32f030x6.s.obj
                0x080011ec                Reset_Handler
 .text.Default_Handler
                0x0800123c        0x2 CMakeFiles/untitled.elf.dir/startup/startup_stm32f030x6.s.obj
                0x0800123c                TIM1_CC_IRQHandler
                0x0800123c                I2C1_IRQHandler
                0x0800123c                SPI1_IRQHandler
                0x0800123c                EXTI2_3_IRQHandler
                0x0800123c                ADC1_IRQHandler
                0x0800123c                TIM17_IRQHandler
                0x0800123c                RTC_IRQHandler
                0x0800123c                TIM16_IRQHandler
                0x0800123c                TIM3_IRQHandler
                0x0800123c                EXTI4_15_IRQHandler
                0x0800123c                RCC_IRQHandler
                0x0800123c                DMA1_Channel1_IRQHandler
                0x0800123c                Default_Handler
                0x0800123c                TIM14_IRQHandler
                0x0800123c                DMA1_Channel4_5_IRQHandler
                0x0800123c                EXTI0_1_IRQHandler
                0x0800123c                WWDG_IRQHandler
                0x0800123c                DMA1_Channel2_3_IRQHandler
                0x0800123c                FLASH_IRQHandler
                0x0800123c                USART1_IRQHandler
                0x0800123c                TIM1_BRK_UP_TRG_COM_IRQHandler
 *fill*         0x0800123e        0x2 
 .text.__libc_init_array
                0x08001240       0x44 c:/users/10605/desktop/data/software/clion/gcc-arm-none-eabi-10-2020-q4-major/bin/../lib/gcc/arm-none-eabi/10.2.1/../../../../arm-none-eabi/lib/thumb/v6-m/nofp\libg.a(lib_a-init.o)
                0x08001240                __libc_init_array
 .text.memset   0x08001284       0xa8 c:/users/10605/desktop/data/software/clion/gcc-arm-none-eabi-10-2020-q4-major/bin/../lib/gcc/arm-none-eabi/10.2.1/../../../../arm-none-eabi/lib/thumb/v6-m/nofp\libg.a(lib_a-memset.o)
                0x08001284                memset
 .text.startup.register_fini
                0x0800132c       0x18 c:/users/10605/desktop/data/software/clion/gcc-arm-none-eabi-10-2020-q4-major/bin/../lib/gcc/arm-none-eabi/10.2.1/../../../../arm-none-eabi/lib/thumb/v6-m/nofp\libg.a(lib_a-__call_atexit.o)
 .text.atexit   0x08001344       0x10 c:/users/10605/desktop/data/software/clion/gcc-arm-none-eabi-10-2020-q4-major/bin/../lib/gcc/arm-none-eabi/10.2.1/../../../../arm-none-eabi/lib/thumb/v6-m/nofp\libg.a(lib_a-atexit.o)
                0x08001344                atexit
 .text.__libc_fini_array
                0x08001354       0x28 c:/users/10605/desktop/data/software/clion/gcc-arm-none-eabi-10-2020-q4-major/bin/../lib/gcc/arm-none-eabi/10.2.1/../../../../arm-none-eabi/lib/thumb/v6-m/nofp\libg.a(lib_a-fini.o)
                0x08001354                __libc_fini_array
 .text.__retarget_lock_acquire_recursive
                0x0800137c        0x4 c:/users/10605/desktop/data/software/clion/gcc-arm-none-eabi-10-2020-q4-major/bin/../lib/gcc/arm-none-eabi/10.2.1/../../../../arm-none-eabi/lib/thumb/v6-m/nofp\libg.a(lib_a-lock.o)
                0x0800137c                __retarget_lock_acquire_recursive
 .text.__retarget_lock_release_recursive
                0x08001380        0x4 c:/users/10605/desktop/data/software/clion/gcc-arm-none-eabi-10-2020-q4-major/bin/../lib/gcc/arm-none-eabi/10.2.1/../../../../arm-none-eabi/lib/thumb/v6-m/nofp\libg.a(lib_a-lock.o)
                0x08001380                __retarget_lock_release_recursive
 .text.__register_exitproc
                0x08001384       0xac c:/users/10605/desktop/data/software/clion/gcc-arm-none-eabi-10-2020-q4-major/bin/../lib/gcc/arm-none-eabi/10.2.1/../../../../arm-none-eabi/lib/thumb/v6-m/nofp\libg.a(lib_a-__atexit.o)
                0x08001384                __register_exitproc
 *(.glue_7)
 .glue_7        0x08001430        0x0 linker stubs
 *(.glue_7t)
 .glue_7t       0x08001430        0x0 linker stubs
 *(.eh_frame)
 .eh_frame      0x08001430        0x0 c:/users/10605/desktop/data/software/clion/gcc-arm-none-eabi-10-2020-q4-major/bin/../lib/gcc/arm-none-eabi/10.2.1/thumb/v6-m/nofp/crtbegin.o
 *(.init)
 .init          0x08001430        0x4 c:/users/10605/desktop/data/software/clion/gcc-arm-none-eabi-10-2020-q4-major/bin/../lib/gcc/arm-none-eabi/10.2.1/thumb/v6-m/nofp/crti.o
                0x08001430                _init
 .init          0x08001434        0x8 c:/users/10605/desktop/data/software/clion/gcc-arm-none-eabi-10-2020-q4-major/bin/../lib/gcc/arm-none-eabi/10.2.1/thumb/v6-m/nofp/crtn.o
 *(.fini)
 .fini          0x0800143c        0x4 c:/users/10605/desktop/data/software/clion/gcc-arm-none-eabi-10-2020-q4-major/bin/../lib/gcc/arm-none-eabi/10.2.1/thumb/v6-m/nofp/crti.o
                0x0800143c                _fini
 .fini          0x08001440        0x8 c:/users/10605/desktop/data/software/clion/gcc-arm-none-eabi-10-2020-q4-major/bin/../lib/gcc/arm-none-eabi/10.2.1/thumb/v6-m/nofp/crtn.o
                0x08001448                . = ALIGN (0x4)
                0x08001448                _etext = .

.vfp11_veneer   0x08001448        0x0
 .vfp11_veneer  0x08001448        0x0 linker stubs

.v4_bx          0x08001448        0x0
 .v4_bx         0x08001448        0x0 linker stubs

.iplt           0x08001448        0x0
 .iplt          0x08001448        0x0 c:/users/10605/desktop/data/software/clion/gcc-arm-none-eabi-10-2020-q4-major/bin/../lib/gcc/arm-none-eabi/10.2.1/thumb/v6-m/nofp/crtbegin.o

.rodata         0x08001448       0x44
                0x08001448                . = ALIGN (0x4)
 *(.rodata)
 *(.rodata*)
 .rodata.HAL_RCC_GetSysClockFreq.str1.4
                0x08001448       0x25 CMakeFiles/untitled.elf.dir/Drivers/STM32F0xx_HAL_Driver/Src/stm32f0xx_hal_rcc.c.obj
 *fill*         0x0800146d        0x3 
 .rodata.AHBPrescTable
                0x08001470       0x10 CMakeFiles/untitled.elf.dir/Src/system_stm32f0xx.c.obj
                0x08001470                AHBPrescTable
 .rodata.APBPrescTable
                0x08001480        0x8 CMakeFiles/untitled.elf.dir/Src/system_stm32f0xx.c.obj
                0x08001480                APBPrescTable
 .rodata._global_impure_ptr
                0x08001488        0x4 c:/users/10605/desktop/data/software/clion/gcc-arm-none-eabi-10-2020-q4-major/bin/../lib/gcc/arm-none-eabi/10.2.1/../../../../arm-none-eabi/lib/thumb/v6-m/nofp\libg.a(lib_a-impure.o)
                0x08001488                _global_impure_ptr
                0x0800148c                . = ALIGN (0x4)

.rel.dyn        0x0800148c        0x0
 .rel.iplt      0x0800148c        0x0 c:/users/10605/desktop/data/software/clion/gcc-arm-none-eabi-10-2020-q4-major/bin/../lib/gcc/arm-none-eabi/10.2.1/thumb/v6-m/nofp/crtbegin.o

.ARM.extab
 *(.ARM.extab* .gnu.linkonce.armextab.*)

.ARM            0x0800148c        0x0
                0x0800148c                __exidx_start = .
 *(.ARM.exidx*)
                0x0800148c                __exidx_end = .

.preinit_array  0x0800148c        0x0
                0x0800148c                PROVIDE (__preinit_array_start = .)
 *(.preinit_array*)
                0x0800148c                PROVIDE (__preinit_array_end = .)

.init_array     0x0800148c        0x8
                0x0800148c                PROVIDE (__init_array_start = .)
 *(SORT_BY_NAME(.init_array.*))
 .init_array.00000
                0x0800148c        0x4 c:/users/10605/desktop/data/software/clion/gcc-arm-none-eabi-10-2020-q4-major/bin/../lib/gcc/arm-none-eabi/10.2.1/../../../../arm-none-eabi/lib/thumb/v6-m/nofp\libg.a(lib_a-__call_atexit.o)
 *(.init_array*)
 .init_array    0x08001490        0x4 c:/users/10605/desktop/data/software/clion/gcc-arm-none-eabi-10-2020-q4-major/bin/../lib/gcc/arm-none-eabi/10.2.1/thumb/v6-m/nofp/crtbegin.o
                0x08001494                PROVIDE (__init_array_end = .)

.fini_array     0x08001494        0x4
                0x08001494                PROVIDE (__fini_array_start = .)
 *(SORT_BY_NAME(.fini_array.*))
 *(.fini_array*)
 .fini_array    0x08001494        0x4 c:/users/10605/desktop/data/software/clion/gcc-arm-none-eabi-10-2020-q4-major/bin/../lib/gcc/arm-none-eabi/10.2.1/thumb/v6-m/nofp/crtbegin.o
                0x08001498                PROVIDE (__fini_array_end = .)
                0x08001498                _sidata = LOADADDR (.data)

.data           0x20000000      0x43c load address 0x08001498
                0x20000000                . = ALIGN (0x4)
                0x20000000                _sdata = .
 *(.data)
 *(.data*)
 .data.uwTickFreq
                0x20000000        0x1 CMakeFiles/untitled.elf.dir/Drivers/STM32F0xx_HAL_Driver/Src/stm32f0xx_hal.c.obj
                0x20000000                uwTickFreq
 *fill*         0x20000001        0x3 
 .data.uwTickPrio
                0x20000004        0x4 CMakeFiles/untitled.elf.dir/Drivers/STM32F0xx_HAL_Driver/Src/stm32f0xx_hal.c.obj
                0x20000004                uwTickPrio
 .data.SystemCoreClock
                0x20000008        0x4 CMakeFiles/untitled.elf.dir/Src/system_stm32f0xx.c.obj
                0x20000008                SystemCoreClock
 *fill*         0x2000000c        0x4 
 .data.impure_data
                0x20000010      0x428 c:/users/10605/desktop/data/software/clion/gcc-arm-none-eabi-10-2020-q4-major/bin/../lib/gcc/arm-none-eabi/10.2.1/../../../../arm-none-eabi/lib/thumb/v6-m/nofp\libg.a(lib_a-impure.o)
 .data.__atexit_recursive_mutex
                0x20000438        0x4 c:/users/10605/desktop/data/software/clion/gcc-arm-none-eabi-10-2020-q4-major/bin/../lib/gcc/arm-none-eabi/10.2.1/../../../../arm-none-eabi/lib/thumb/v6-m/nofp\libg.a(lib_a-__call_atexit.o)
                0x20000438                __atexit_recursive_mutex
                0x2000043c                . = ALIGN (0x4)
                0x2000043c                _edata = .

.igot.plt       0x2000043c        0x0 load address 0x080018d4
 .igot.plt      0x2000043c        0x0 c:/users/10605/desktop/data/software/clion/gcc-arm-none-eabi-10-2020-q4-major/bin/../lib/gcc/arm-none-eabi/10.2.1/thumb/v6-m/nofp/crtbegin.o
                0x2000043c                . = ALIGN (0x4)

.bss            0x2000043c       0xa8 load address 0x080018d4
                0x2000043c                _sbss = .
                0x2000043c                __bss_start__ = _sbss
 *(.bss)
 .bss           0x2000043c       0x1c c:/users/10605/desktop/data/software/clion/gcc-arm-none-eabi-10-2020-q4-major/bin/../lib/gcc/arm-none-eabi/10.2.1/thumb/v6-m/nofp/crtbegin.o
 *(.bss*)
 .bss.uwTick    0x20000458        0x4 CMakeFiles/untitled.elf.dir/Drivers/STM32F0xx_HAL_Driver/Src/stm32f0xx_hal.c.obj
                0x20000458                uwTick
 .bss.huart1    0x2000045c       0x84 CMakeFiles/untitled.elf.dir/Src/usart.c.obj
                0x2000045c                huart1
 .bss.__lock___atexit_recursive_mutex
                0x200004e0        0x1 c:/users/10605/desktop/data/software/clion/gcc-arm-none-eabi-10-2020-q4-major/bin/../lib/gcc/arm-none-eabi/10.2.1/../../../../arm-none-eabi/lib/thumb/v6-m/nofp\libg.a(lib_a-lock.o)
                0x200004e0                __lock___atexit_recursive_mutex
 *(COMMON)
                0x200004e4                . = ALIGN (0x4)
 *fill*         0x200004e1        0x3 
                0x200004e4                _ebss = .
                0x200004e4                __bss_end__ = _ebss

._user_heap_stack
                0x200004e4      0x604 load address 0x080018d4
                0x200004e8                . = ALIGN (0x8)
 *fill*         0x200004e4        0x4 
                0x200004e8                PROVIDE (end = .)
                [!provide]                PROVIDE (_end = .)
                0x200006e8                . = (. + _Min_Heap_Size)
 *fill*         0x200004e8      0x200 
                0x20000ae8                . = (. + _Min_Stack_Size)
 *fill*         0x200006e8      0x400 
                0x20000ae8                . = ALIGN (0x8)

/DISCARD/
 libc.a(*)
 libm.a(*)
 libgcc.a(*)

.ARM.attributes
                0x00000000       0x28
 *(.ARM.attributes)
 .ARM.attributes
                0x00000000       0x1e c:/users/10605/desktop/data/software/clion/gcc-arm-none-eabi-10-2020-q4-major/bin/../lib/gcc/arm-none-eabi/10.2.1/thumb/v6-m/nofp/crti.o
 .ARM.attributes
                0x0000001e       0x2c c:/users/10605/desktop/data/software/clion/gcc-arm-none-eabi-10-2020-q4-major/bin/../lib/gcc/arm-none-eabi/10.2.1/thumb/v6-m/nofp/crtbegin.o
 .ARM.attributes
                0x0000004a       0x2c CMakeFiles/untitled.elf.dir/Drivers/STM32F0xx_HAL_Driver/Src/stm32f0xx_hal.c.obj
 .ARM.attributes
                0x00000076       0x2c CMakeFiles/untitled.elf.dir/Drivers/STM32F0xx_HAL_Driver/Src/stm32f0xx_hal_cortex.c.obj
 .ARM.attributes
                0x000000a2       0x2c CMakeFiles/untitled.elf.dir/Drivers/STM32F0xx_HAL_Driver/Src/stm32f0xx_hal_gpio.c.obj
 .ARM.attributes
                0x000000ce       0x2c CMakeFiles/untitled.elf.dir/Drivers/STM32F0xx_HAL_Driver/Src/stm32f0xx_hal_rcc.c.obj
 .ARM.attributes
                0x000000fa       0x2c CMakeFiles/untitled.elf.dir/Drivers/STM32F0xx_HAL_Driver/Src/stm32f0xx_hal_rcc_ex.c.obj
 .ARM.attributes
                0x00000126       0x2c CMakeFiles/untitled.elf.dir/Drivers/STM32F0xx_HAL_Driver/Src/stm32f0xx_hal_uart.c.obj
 .ARM.attributes
                0x00000152       0x2c CMakeFiles/untitled.elf.dir/Src/gpio.c.obj
 .ARM.attributes
                0x0000017e       0x2c CMakeFiles/untitled.elf.dir/Src/main.c.obj
 .ARM.attributes
                0x000001aa       0x2c CMakeFiles/untitled.elf.dir/Src/stm32f0xx_hal_msp.c.obj
 .ARM.attributes
                0x000001d6       0x2c CMakeFiles/untitled.elf.dir/Src/stm32f0xx_it.c.obj
 .ARM.attributes
                0x00000202       0x2c CMakeFiles/untitled.elf.dir/Src/system_stm32f0xx.c.obj
 .ARM.attributes
                0x0000022e       0x2c CMakeFiles/untitled.elf.dir/Src/usart.c.obj
 .ARM.attributes
                0x0000025a       0x21 CMakeFiles/untitled.elf.dir/startup/startup_stm32f030x6.s.obj
 .ARM.attributes
                0x0000027b       0x1e c:/users/10605/desktop/data/software/clion/gcc-arm-none-eabi-10-2020-q4-major/bin/../lib/gcc/arm-none-eabi/10.2.1/thumb/v6-m/nofp\libgcc.a(_udivsi3.o)
 .ARM.attributes
                0x00000299       0x1e c:/users/10605/desktop/data/software/clion/gcc-arm-none-eabi-10-2020-q4-major/bin/../lib/gcc/arm-none-eabi/10.2.1/thumb/v6-m/nofp\libgcc.a(_dvmd_tls.o)
 .ARM.attributes
                0x000002b7       0x2c c:/users/10605/desktop/data/software/clion/gcc-arm-none-eabi-10-2020-q4-major/bin/../lib/gcc/arm-none-eabi/10.2.1/../../../../arm-none-eabi/lib/thumb/v6-m/nofp\libg.a(lib_a-impure.o)
 .ARM.attributes
                0x000002e3       0x2c c:/users/10605/desktop/data/software/clion/gcc-arm-none-eabi-10-2020-q4-major/bin/../lib/gcc/arm-none-eabi/10.2.1/../../../../arm-none-eabi/lib/thumb/v6-m/nofp\libg.a(lib_a-init.o)
 .ARM.attributes
                0x0000030f       0x2c c:/users/10605/desktop/data/software/clion/gcc-arm-none-eabi-10-2020-q4-major/bin/../lib/gcc/arm-none-eabi/10.2.1/../../../../arm-none-eabi/lib/thumb/v6-m/nofp\libg.a(lib_a-memset.o)
 .ARM.attributes
                0x0000033b       0x2c c:/users/10605/desktop/data/software/clion/gcc-arm-none-eabi-10-2020-q4-major/bin/../lib/gcc/arm-none-eabi/10.2.1/../../../../arm-none-eabi/lib/thumb/v6-m/nofp\libg.a(lib_a-__call_atexit.o)
 .ARM.attributes
                0x00000367       0x2c c:/users/10605/desktop/data/software/clion/gcc-arm-none-eabi-10-2020-q4-major/bin/../lib/gcc/arm-none-eabi/10.2.1/../../../../arm-none-eabi/lib/thumb/v6-m/nofp\libg.a(lib_a-atexit.o)
 .ARM.attributes
                0x00000393       0x2c c:/users/10605/desktop/data/software/clion/gcc-arm-none-eabi-10-2020-q4-major/bin/../lib/gcc/arm-none-eabi/10.2.1/../../../../arm-none-eabi/lib/thumb/v6-m/nofp\libg.a(lib_a-fini.o)
 .ARM.attributes
                0x000003bf       0x2c c:/users/10605/desktop/data/software/clion/gcc-arm-none-eabi-10-2020-q4-major/bin/../lib/gcc/arm-none-eabi/10.2.1/../../../../arm-none-eabi/lib/thumb/v6-m/nofp\libg.a(lib_a-lock.o)
 .ARM.attributes
                0x000003eb       0x2c c:/users/10605/desktop/data/software/clion/gcc-arm-none-eabi-10-2020-q4-major/bin/../lib/gcc/arm-none-eabi/10.2.1/../../../../arm-none-eabi/lib/thumb/v6-m/nofp\libg.a(lib_a-__atexit.o)
 .ARM.attributes
                0x00000417       0x1e c:/users/10605/desktop/data/software/clion/gcc-arm-none-eabi-10-2020-q4-major/bin/../lib/gcc/arm-none-eabi/10.2.1/thumb/v6-m/nofp/crtn.o
OUTPUT(untitled.elf elf32-littlearm)
LOAD linker stubs
LOAD c:/users/10605/desktop/data/software/clion/gcc-arm-none-eabi-10-2020-q4-major/bin/../lib/gcc/arm-none-eabi/10.2.1/../../../../arm-none-eabi/lib/thumb/v6-m/nofp\libc.a
LOAD c:/users/10605/desktop/data/software/clion/gcc-arm-none-eabi-10-2020-q4-major/bin/../lib/gcc/arm-none-eabi/10.2.1/../../../../arm-none-eabi/lib/thumb/v6-m/nofp\libm.a
LOAD c:/users/10605/desktop/data/software/clion/gcc-arm-none-eabi-10-2020-q4-major/bin/../lib/gcc/arm-none-eabi/10.2.1/thumb/v6-m/nofp\libgcc.a

.debug_info     0x00000000     0x86fa
 .debug_info    0x00000000      0x719 CMakeFiles/untitled.elf.dir/Drivers/STM32F0xx_HAL_Driver/Src/stm32f0xx_hal.c.obj
 .debug_info    0x00000719      0x81c CMakeFiles/untitled.elf.dir/Drivers/STM32F0xx_HAL_Driver/Src/stm32f0xx_hal_cortex.c.obj
 .debug_info    0x00000f35      0x64a CMakeFiles/untitled.elf.dir/Drivers/STM32F0xx_HAL_Driver/Src/stm32f0xx_hal_gpio.c.obj
 .debug_info    0x0000157f      0xa61 CMakeFiles/untitled.elf.dir/Drivers/STM32F0xx_HAL_Driver/Src/stm32f0xx_hal_rcc.c.obj
 .debug_info    0x00001fe0      0x3dc CMakeFiles/untitled.elf.dir/Drivers/STM32F0xx_HAL_Driver/Src/stm32f0xx_hal_rcc_ex.c.obj
 .debug_info    0x000023bc     0x4ebf CMakeFiles/untitled.elf.dir/Drivers/STM32F0xx_HAL_Driver/Src/stm32f0xx_hal_uart.c.obj
 .debug_info    0x0000727b      0x197 CMakeFiles/untitled.elf.dir/Src/gpio.c.obj
 .debug_info    0x00007412      0x3ef CMakeFiles/untitled.elf.dir/Src/main.c.obj
 .debug_info    0x00007801      0x1b4 CMakeFiles/untitled.elf.dir/Src/stm32f0xx_hal_msp.c.obj
 .debug_info    0x000079b5       0xe8 CMakeFiles/untitled.elf.dir/Src/stm32f0xx_it.c.obj
 .debug_info    0x00007a9d      0x28b CMakeFiles/untitled.elf.dir/Src/system_stm32f0xx.c.obj
 .debug_info    0x00007d28      0x9b0 CMakeFiles/untitled.elf.dir/Src/usart.c.obj
 .debug_info    0x000086d8       0x22 CMakeFiles/untitled.elf.dir/startup/startup_stm32f030x6.s.obj

.debug_abbrev   0x00000000     0x1443
 .debug_abbrev  0x00000000      0x245 CMakeFiles/untitled.elf.dir/Drivers/STM32F0xx_HAL_Driver/Src/stm32f0xx_hal.c.obj
 .debug_abbrev  0x00000245      0x293 CMakeFiles/untitled.elf.dir/Drivers/STM32F0xx_HAL_Driver/Src/stm32f0xx_hal_cortex.c.obj
 .debug_abbrev  0x000004d8      0x1e6 CMakeFiles/untitled.elf.dir/Drivers/STM32F0xx_HAL_Driver/Src/stm32f0xx_hal_gpio.c.obj
 .debug_abbrev  0x000006be      0x260 CMakeFiles/untitled.elf.dir/Drivers/STM32F0xx_HAL_Driver/Src/stm32f0xx_hal_rcc.c.obj
 .debug_abbrev  0x0000091e      0x1a8 CMakeFiles/untitled.elf.dir/Drivers/STM32F0xx_HAL_Driver/Src/stm32f0xx_hal_rcc_ex.c.obj
 .debug_abbrev  0x00000ac6      0x2e3 CMakeFiles/untitled.elf.dir/Drivers/STM32F0xx_HAL_Driver/Src/stm32f0xx_hal_uart.c.obj
 .debug_abbrev  0x00000da9       0xb4 CMakeFiles/untitled.elf.dir/Src/gpio.c.obj
 .debug_abbrev  0x00000e5d      0x182 CMakeFiles/untitled.elf.dir/Src/main.c.obj
 .debug_abbrev  0x00000fdf       0xbf CMakeFiles/untitled.elf.dir/Src/stm32f0xx_hal_msp.c.obj
 .debug_abbrev  0x0000109e       0x7e CMakeFiles/untitled.elf.dir/Src/stm32f0xx_it.c.obj
 .debug_abbrev  0x0000111c      0x131 CMakeFiles/untitled.elf.dir/Src/system_stm32f0xx.c.obj
 .debug_abbrev  0x0000124d      0x1e4 CMakeFiles/untitled.elf.dir/Src/usart.c.obj
 .debug_abbrev  0x00001431       0x12 CMakeFiles/untitled.elf.dir/startup/startup_stm32f030x6.s.obj

.debug_loc      0x00000000     0x4dd0
 .debug_loc     0x00000000      0x141 CMakeFiles/untitled.elf.dir/Drivers/STM32F0xx_HAL_Driver/Src/stm32f0xx_hal.c.obj
 .debug_loc     0x00000141      0x433 CMakeFiles/untitled.elf.dir/Drivers/STM32F0xx_HAL_Driver/Src/stm32f0xx_hal_cortex.c.obj
 .debug_loc     0x00000574      0x388 CMakeFiles/untitled.elf.dir/Drivers/STM32F0xx_HAL_Driver/Src/stm32f0xx_hal_gpio.c.obj
 .debug_loc     0x000008fc      0x614 CMakeFiles/untitled.elf.dir/Drivers/STM32F0xx_HAL_Driver/Src/stm32f0xx_hal_rcc.c.obj
 .debug_loc     0x00000f10      0x397 CMakeFiles/untitled.elf.dir/Drivers/STM32F0xx_HAL_Driver/Src/stm32f0xx_hal_rcc_ex.c.obj
 .debug_loc     0x000012a7     0x3941 CMakeFiles/untitled.elf.dir/Drivers/STM32F0xx_HAL_Driver/Src/stm32f0xx_hal_uart.c.obj
 .debug_loc     0x00004be8      0x167 CMakeFiles/untitled.elf.dir/Src/system_stm32f0xx.c.obj
 .debug_loc     0x00004d4f       0x81 CMakeFiles/untitled.elf.dir/Src/usart.c.obj

.debug_aranges  0x00000000      0x598
 .debug_aranges
                0x00000000       0xd0 CMakeFiles/untitled.elf.dir/Drivers/STM32F0xx_HAL_Driver/Src/stm32f0xx_hal.c.obj
 .debug_aranges
                0x000000d0       0x78 CMakeFiles/untitled.elf.dir/Drivers/STM32F0xx_HAL_Driver/Src/stm32f0xx_hal_cortex.c.obj
 .debug_aranges
                0x00000148       0x58 CMakeFiles/untitled.elf.dir/Drivers/STM32F0xx_HAL_Driver/Src/stm32f0xx_hal_gpio.c.obj
 .debug_aranges
                0x000001a0       0x80 CMakeFiles/untitled.elf.dir/Drivers/STM32F0xx_HAL_Driver/Src/stm32f0xx_hal_rcc.c.obj
 .debug_aranges
                0x00000220       0x30 CMakeFiles/untitled.elf.dir/Drivers/STM32F0xx_HAL_Driver/Src/stm32f0xx_hal_rcc_ex.c.obj
 .debug_aranges
                0x00000250      0x218 CMakeFiles/untitled.elf.dir/Drivers/STM32F0xx_HAL_Driver/Src/stm32f0xx_hal_uart.c.obj
 .debug_aranges
                0x00000468       0x20 CMakeFiles/untitled.elf.dir/Src/gpio.c.obj
 .debug_aranges
                0x00000488       0x30 CMakeFiles/untitled.elf.dir/Src/main.c.obj
 .debug_aranges
                0x000004b8       0x20 CMakeFiles/untitled.elf.dir/Src/stm32f0xx_hal_msp.c.obj
 .debug_aranges
                0x000004d8       0x40 CMakeFiles/untitled.elf.dir/Src/stm32f0xx_it.c.obj
 .debug_aranges
                0x00000518       0x28 CMakeFiles/untitled.elf.dir/Src/system_stm32f0xx.c.obj
 .debug_aranges
                0x00000540       0x30 CMakeFiles/untitled.elf.dir/Src/usart.c.obj
 .debug_aranges
                0x00000570       0x28 CMakeFiles/untitled.elf.dir/startup/startup_stm32f030x6.s.obj

.debug_ranges   0x00000000      0x560
 .debug_ranges  0x00000000       0xc0 CMakeFiles/untitled.elf.dir/Drivers/STM32F0xx_HAL_Driver/Src/stm32f0xx_hal.c.obj
 .debug_ranges  0x000000c0       0xc8 CMakeFiles/untitled.elf.dir/Drivers/STM32F0xx_HAL_Driver/Src/stm32f0xx_hal_cortex.c.obj
 .debug_ranges  0x00000188       0x48 CMakeFiles/untitled.elf.dir/Drivers/STM32F0xx_HAL_Driver/Src/stm32f0xx_hal_gpio.c.obj
 .debug_ranges  0x000001d0       0x88 CMakeFiles/untitled.elf.dir/Drivers/STM32F0xx_HAL_Driver/Src/stm32f0xx_hal_rcc.c.obj
 .debug_ranges  0x00000258       0x38 CMakeFiles/untitled.elf.dir/Drivers/STM32F0xx_HAL_Driver/Src/stm32f0xx_hal_rcc_ex.c.obj
 .debug_ranges  0x00000290      0x208 CMakeFiles/untitled.elf.dir/Drivers/STM32F0xx_HAL_Driver/Src/stm32f0xx_hal_uart.c.obj
 .debug_ranges  0x00000498       0x10 CMakeFiles/untitled.elf.dir/Src/gpio.c.obj
 .debug_ranges  0x000004a8       0x20 CMakeFiles/untitled.elf.dir/Src/main.c.obj
 .debug_ranges  0x000004c8       0x10 CMakeFiles/untitled.elf.dir/Src/stm32f0xx_hal_msp.c.obj
 .debug_ranges  0x000004d8       0x30 CMakeFiles/untitled.elf.dir/Src/stm32f0xx_it.c.obj
 .debug_ranges  0x00000508       0x18 CMakeFiles/untitled.elf.dir/Src/system_stm32f0xx.c.obj
 .debug_ranges  0x00000520       0x20 CMakeFiles/untitled.elf.dir/Src/usart.c.obj
 .debug_ranges  0x00000540       0x20 CMakeFiles/untitled.elf.dir/startup/startup_stm32f030x6.s.obj

.debug_line     0x00000000     0x701f
 .debug_line    0x00000000      0x5f6 CMakeFiles/untitled.elf.dir/Drivers/STM32F0xx_HAL_Driver/Src/stm32f0xx_hal.c.obj
 .debug_line    0x000005f6      0x5cf CMakeFiles/untitled.elf.dir/Drivers/STM32F0xx_HAL_Driver/Src/stm32f0xx_hal_cortex.c.obj
 .debug_line    0x00000bc5      0x71c CMakeFiles/untitled.elf.dir/Drivers/STM32F0xx_HAL_Driver/Src/stm32f0xx_hal_gpio.c.obj
 .debug_line    0x000012e1      0xc20 CMakeFiles/untitled.elf.dir/Drivers/STM32F0xx_HAL_Driver/Src/stm32f0xx_hal_rcc.c.obj
 .debug_line    0x00001f01      0x548 CMakeFiles/untitled.elf.dir/Drivers/STM32F0xx_HAL_Driver/Src/stm32f0xx_hal_rcc_ex.c.obj
 .debug_line    0x00002449     0x3bb4 CMakeFiles/untitled.elf.dir/Drivers/STM32F0xx_HAL_Driver/Src/stm32f0xx_hal_uart.c.obj
 .debug_line    0x00005ffd      0x1de CMakeFiles/untitled.elf.dir/Src/gpio.c.obj
 .debug_line    0x000061db      0x3c4 CMakeFiles/untitled.elf.dir/Src/main.c.obj
 .debug_line    0x0000659f      0x1f2 CMakeFiles/untitled.elf.dir/Src/stm32f0xx_hal_msp.c.obj
 .debug_line    0x00006791      0x156 CMakeFiles/untitled.elf.dir/Src/stm32f0xx_it.c.obj
 .debug_line    0x000068e7      0x2aa CMakeFiles/untitled.elf.dir/Src/system_stm32f0xx.c.obj
 .debug_line    0x00006b91      0x3dc CMakeFiles/untitled.elf.dir/Src/usart.c.obj
 .debug_line    0x00006f6d       0xb2 CMakeFiles/untitled.elf.dir/startup/startup_stm32f030x6.s.obj

.debug_str      0x00000000     0x1e9b
 .debug_str     0x00000000      0x67c CMakeFiles/untitled.elf.dir/Drivers/STM32F0xx_HAL_Driver/Src/stm32f0xx_hal.c.obj
                                0x6d0 (size before relaxing)
 .debug_str     0x0000067c      0x2c5 CMakeFiles/untitled.elf.dir/Drivers/STM32F0xx_HAL_Driver/Src/stm32f0xx_hal_cortex.c.obj
                                0x61b (size before relaxing)
 .debug_str     0x00000941      0x1f7 CMakeFiles/untitled.elf.dir/Drivers/STM32F0xx_HAL_Driver/Src/stm32f0xx_hal_gpio.c.obj
                                0x45f (size before relaxing)
 .debug_str     0x00000b38      0x36c CMakeFiles/untitled.elf.dir/Drivers/STM32F0xx_HAL_Driver/Src/stm32f0xx_hal_rcc.c.obj
                                0x6c0 (size before relaxing)
 .debug_str     0x00000ea4      0x157 CMakeFiles/untitled.elf.dir/Drivers/STM32F0xx_HAL_Driver/Src/stm32f0xx_hal_rcc_ex.c.obj
                                0x417 (size before relaxing)
 .debug_str     0x00000ffb      0xb9a CMakeFiles/untitled.elf.dir/Drivers/STM32F0xx_HAL_Driver/Src/stm32f0xx_hal_uart.c.obj
                                0xed5 (size before relaxing)
 .debug_str     0x00001b95       0x4b CMakeFiles/untitled.elf.dir/Src/gpio.c.obj
                                0x253 (size before relaxing)
 .debug_str     0x00001be0       0x97 CMakeFiles/untitled.elf.dir/Src/main.c.obj
                                0x458 (size before relaxing)
 .debug_str     0x00001c77       0x4b CMakeFiles/untitled.elf.dir/Src/stm32f0xx_hal_msp.c.obj
                                0x25f (size before relaxing)
 .debug_str     0x00001cc2       0x8f CMakeFiles/untitled.elf.dir/Src/stm32f0xx_it.c.obj
                                0x235 (size before relaxing)
 .debug_str     0x00001d51       0x8a CMakeFiles/untitled.elf.dir/Src/system_stm32f0xx.c.obj
                                0x2d7 (size before relaxing)
 .debug_str     0x00001ddb       0x61 CMakeFiles/untitled.elf.dir/Src/usart.c.obj
                                0x783 (size before relaxing)
 .debug_str     0x00001e3c       0x5f CMakeFiles/untitled.elf.dir/startup/startup_stm32f030x6.s.obj
                                 0xa4 (size before relaxing)

.comment        0x00000000       0x4d
 .comment       0x00000000       0x4d CMakeFiles/untitled.elf.dir/Drivers/STM32F0xx_HAL_Driver/Src/stm32f0xx_hal.c.obj
                                 0x4e (size before relaxing)
 .comment       0x0000004d       0x4e CMakeFiles/untitled.elf.dir/Drivers/STM32F0xx_HAL_Driver/Src/stm32f0xx_hal_cortex.c.obj
 .comment       0x0000004d       0x4e CMakeFiles/untitled.elf.dir/Drivers/STM32F0xx_HAL_Driver/Src/stm32f0xx_hal_gpio.c.obj
 .comment       0x0000004d       0x4e CMakeFiles/untitled.elf.dir/Drivers/STM32F0xx_HAL_Driver/Src/stm32f0xx_hal_rcc.c.obj
 .comment       0x0000004d       0x4e CMakeFiles/untitled.elf.dir/Drivers/STM32F0xx_HAL_Driver/Src/stm32f0xx_hal_rcc_ex.c.obj
 .comment       0x0000004d       0x4e CMakeFiles/untitled.elf.dir/Drivers/STM32F0xx_HAL_Driver/Src/stm32f0xx_hal_uart.c.obj
 .comment       0x0000004d       0x4e CMakeFiles/untitled.elf.dir/Src/gpio.c.obj
 .comment       0x0000004d       0x4e CMakeFiles/untitled.elf.dir/Src/main.c.obj
 .comment       0x0000004d       0x4e CMakeFiles/untitled.elf.dir/Src/stm32f0xx_hal_msp.c.obj
 .comment       0x0000004d       0x4e CMakeFiles/untitled.elf.dir/Src/stm32f0xx_it.c.obj
 .comment       0x0000004d       0x4e CMakeFiles/untitled.elf.dir/Src/system_stm32f0xx.c.obj
 .comment       0x0000004d       0x4e CMakeFiles/untitled.elf.dir/Src/usart.c.obj

.debug_frame    0x00000000      0xe8c
 .debug_frame   0x00000000      0x1ac CMakeFiles/untitled.elf.dir/Drivers/STM32F0xx_HAL_Driver/Src/stm32f0xx_hal.c.obj
 .debug_frame   0x000001ac       0xe4 CMakeFiles/untitled.elf.dir/Drivers/STM32F0xx_HAL_Driver/Src/stm32f0xx_hal_cortex.c.obj
 .debug_frame   0x00000290       0xc0 CMakeFiles/untitled.elf.dir/Drivers/STM32F0xx_HAL_Driver/Src/stm32f0xx_hal_gpio.c.obj
 .debug_frame   0x00000350      0x13c CMakeFiles/untitled.elf.dir/Drivers/STM32F0xx_HAL_Driver/Src/stm32f0xx_hal_rcc.c.obj
 .debug_frame   0x0000048c       0x58 CMakeFiles/untitled.elf.dir/Drivers/STM32F0xx_HAL_Driver/Src/stm32f0xx_hal_rcc_ex.c.obj
 .debug_frame   0x000004e4      0x604 CMakeFiles/untitled.elf.dir/Drivers/STM32F0xx_HAL_Driver/Src/stm32f0xx_hal_uart.c.obj
 .debug_frame   0x00000ae8       0x24 CMakeFiles/untitled.elf.dir/Src/gpio.c.obj
 .debug_frame   0x00000b0c       0x50 CMakeFiles/untitled.elf.dir/Src/main.c.obj
 .debug_frame   0x00000b5c       0x24 CMakeFiles/untitled.elf.dir/Src/stm32f0xx_hal_msp.c.obj
 .debug_frame   0x00000b80       0x68 CMakeFiles/untitled.elf.dir/Src/stm32f0xx_it.c.obj
 .debug_frame   0x00000be8       0x38 CMakeFiles/untitled.elf.dir/Src/system_stm32f0xx.c.obj
 .debug_frame   0x00000c20       0x5c CMakeFiles/untitled.elf.dir/Src/usart.c.obj
 .debug_frame   0x00000c7c       0x20 c:/users/10605/desktop/data/software/clion/gcc-arm-none-eabi-10-2020-q4-major/bin/../lib/gcc/arm-none-eabi/10.2.1/thumb/v6-m/nofp\libgcc.a(_udivsi3.o)
 .debug_frame   0x00000c9c       0x2c c:/users/10605/desktop/data/software/clion/gcc-arm-none-eabi-10-2020-q4-major/bin/../lib/gcc/arm-none-eabi/10.2.1/../../../../arm-none-eabi/lib/thumb/v6-m/nofp\libg.a(lib_a-init.o)
 .debug_frame   0x00000cc8       0x30 c:/users/10605/desktop/data/software/clion/gcc-arm-none-eabi-10-2020-q4-major/bin/../lib/gcc/arm-none-eabi/10.2.1/../../../../arm-none-eabi/lib/thumb/v6-m/nofp\libg.a(lib_a-memset.o)
 .debug_frame   0x00000cf8       0x54 c:/users/10605/desktop/data/software/clion/gcc-arm-none-eabi-10-2020-q4-major/bin/../lib/gcc/arm-none-eabi/10.2.1/../../../../arm-none-eabi/lib/thumb/v6-m/nofp\libg.a(lib_a-__call_atexit.o)
 .debug_frame   0x00000d4c       0x28 c:/users/10605/desktop/data/software/clion/gcc-arm-none-eabi-10-2020-q4-major/bin/../lib/gcc/arm-none-eabi/10.2.1/../../../../arm-none-eabi/lib/thumb/v6-m/nofp\libg.a(lib_a-atexit.o)
 .debug_frame   0x00000d74       0x2c c:/users/10605/desktop/data/software/clion/gcc-arm-none-eabi-10-2020-q4-major/bin/../lib/gcc/arm-none-eabi/10.2.1/../../../../arm-none-eabi/lib/thumb/v6-m/nofp\libg.a(lib_a-fini.o)
 .debug_frame   0x00000da0       0xb0 c:/users/10605/desktop/data/software/clion/gcc-arm-none-eabi-10-2020-q4-major/bin/../lib/gcc/arm-none-eabi/10.2.1/../../../../arm-none-eabi/lib/thumb/v6-m/nofp\libg.a(lib_a-lock.o)
 .debug_frame   0x00000e50       0x3c c:/users/10605/desktop/data/software/clion/gcc-arm-none-eabi-10-2020-q4-major/bin/../lib/gcc/arm-none-eabi/10.2.1/../../../../arm-none-eabi/lib/thumb/v6-m/nofp\libg.a(lib_a-__atexit.o)
